// Jest Snapshot v1, https://goo.gl/fbAQLP

exports[`Tests on AppRouter.js Should show the login page if is not authenticated 1`] = `
<div>
  <div
    className="container mt-5"
  >
    <h1>
      Login
    </h1>
    <hr />
    <button
      className="btn btn-primary"
      onClick={[Function]}
    >
      Ingresar
    </button>
  </div>
</div>
`;
