// Jest Snapshot v1, https://goo.gl/fbAQLP

exports[`Tests on LoginScreen.js Should show correctly with snapshot 1`] = `
<div
  className="container mt-5"
>
  <h1>
    Login
  </h1>
  <hr />
  <button
    className="btn btn-primary"
    onClick={[Function]}
  >
    Ingresar
  </button>
</div>
`;
